warning: hiding a lifetime that's elided elsewhere is confusing
  --> .patches/soroban-sdk-macros/src/syn_ext.rs:84:17
   |
84 |     pub fn fns(&'_ self) -> Vec<Fn> {
   |                 ^^              ^^ the same lifetime is hidden here
   |                 |
   |                 the lifetime is elided here
   |
   = help: the same lifetime is referred to in inconsistent ways, making the signature confusing
   = note: `#[warn(mismatched_lifetime_syntaxes)]` on by default
help: use `'_` for type paths
   |
84 |     pub fn fns(&'_ self) -> Vec<Fn<'_>> {
   |                                   ++++

warning: `soroban-sdk-macros` (lib) generated 1 warning (run `cargo fix --lib -p soroban-sdk-macros` to apply 1 suggestion)
warning: unused variable: `oracles`
    --> contracts/verification_oracle/src/lib.rs:3967:13
     |
3967 |         let oracles = setup_oracles_with_stakes(&e, &admin, &client, 3...
     |             ^^^^^^^ help: if this is intentional, prefix it with an underscore: `_oracles`
     |
     = note: `#[warn(unused_variables)]` (part of `#[warn(unused)]`) on by default

warning: `verification_oracle` (lib test) generated 1 warning (run `cargo fix --lib -p verification_oracle --tests` to apply 1 suggestion)
    Finished `test` profile [unoptimized + debuginfo] target(s) in 0.18s
     Running unittests src/lib.rs (/home/gift/cargo-build/debug/deps/verification_oracle-d8976341352b6f0b)

running 1 test
test tests::test_finalize_reveals_uses_per_project_baselines ... FAILED

failures:

---- tests::test_finalize_reveals_uses_per_project_baselines stdout ----

thread 'tests::test_finalize_reveals_uses_per_project_baselines' (17758) panicked at /home/gift/.cargo/registry/src/index.crates.io-1949cf8c6b5b557f/soroban-env-host-20.3.0/src/host.rs:694:9:
HostError: Error(Context, MissingValue)

Event log (newest first):
   0: [Diagnostic Event] topics:[error, Error(Context, MissingValue)], data:"escalating error to panic"
   1: [Diagnostic Event] topics:[error, Error(Context, MissingValue)], data:["contract call failed", reveal_reading, [CAAAAAAAAAAAAAAAAAAAAAAAAAAAAAAAAAAAAAAAAAAAAAAAAAAAOLZM, Bytes(afafafafafafafafafafafafafafafafafafafafafafafafafafafafafafafaf), {dissolved_oxygen: 80, flow_rate: 500, nonce: 1, ph: 700, salt: Bytes(afafafafafafafafafafafafafafafafafafafafafafafafafafafafafafafaf), temperature: 250, total_nitrogen: 8, total_phosphorus: 1, turbidity: 10}]]
   2: [Failed Diagnostic Event (not emitted)] contract:CAAAAAAAAAAAAAAAAAAAAAAAAAAAAAAAAAAAAAAAAAAAAAAAAAAAITA4, topics:[error, Error(Context, MissingValue)], data:"caught error from function"
   3: [Failed Diagnostic Event (not emitted)] contract:CAAAAAAAAAAAAAAAAAAAAAAAAAAAAAAAAAAAAAAAAAAAAAAAAAAAITA4, topics:[error, Error(Context, MissingValue)], data:"escalating error to panic"
   4: [Failed Diagnostic Event (not emitted)] contract:CAAAAAAAAAAAAAAAAAAAAAAAAAAAAAAAAAAAAAAAAAAAAAAAAAAAITA4, topics:[error, Error(Context, MissingValue)], data:["contract call failed", mint_to, [CAAAAAAAAAAAAAAAAAAAAAAAAAAAAAAAAAAAAAAAAAAAAAAAAAAAITA4, CAAAAAAAAAAAAAAAAAAAAAAAAAAAAAAAAAAAAAAAAAAAAAAAAAAATYON, 1120]]
   5: [Failed Diagnostic Event (not emitted)] contract:CAAAAAAAAAAAAAAAAAAAAAAAAAAAAAAAAAAAAAAAAAAAAAAAAAAARQG5, topics:[error, Error(Context, MissingValue)], data:["calling unknown contract function", mint_to]
   6: [Failed Diagnostic Event (not emitted)] contract:CAAAAAAAAAAAAAAAAAAAAAAAAAAAAAAAAAAAAAAAAAAAAAAAAAAAITA4, topics:[fn_call, Bytes(0000000000000000000000000000000000000000000000000000000000000008), mint_to], data:[CAAAAAAAAAAAAAAAAAAAAAAAAAAAAAAAAAAAAAAAAAAAAAAAAAAAITA4, CAAAAAAAAAAAAAAAAAAAAAAAAAAAAAAAAAAAAAAAAAAAAAAAAAAATYON, 1120]
   7: [Failed Diagnostic Event (not emitted)] contract:CAAAAAAAAAAAAAAAAAAAAAAAAAAAAAAAAAAAAAAAAAAAAAAAAAAARQG5, topics:[fn_return, max_supply], data:1000000000
   8: [Failed Diagnostic Event (not emitted)] contract:CAAAAAAAAAAAAAAAAAAAAAAAAAAAAAAAAAAAAAAAAAAAAAAAAAAAITA4, topics:[fn_call, Bytes(0000000000000000000000000000000000000000000000000000000000000008), max_supply], data:Void
   9: [Failed Diagnostic Event (not emitted)] contract:CAAAAAAAAAAAAAAAAAAAAAAAAAAAAAAAAAAAAAAAAAAAAAAAAAAARQG5, topics:[fn_return, total_supply], data:0
   10: [Failed Diagnostic Event (not emitted)] contract:CAAAAAAAAAAAAAAAAAAAAAAAAAAAAAAAAAAAAAAAAAAAAAAAAAAAITA4, topics:[fn_call, Bytes(0000000000000000000000000000000000000000000000000000000000000008), total_supply], data:Void
   11: [Failed Contract Event (not emitted)] contract:CAAAAAAAAAAAAAAAAAAAAAAAAAAAAAAAAAAAAAAAAAAAAAAAAAAAITA4, topics:[orc_rvl], data:[CAAAAAAAAAAAAAAAAAAAAAAAAAAAAAAAAAAAAAAAAAAAAAAAAAAAOLZM, Bytes(afafafafafafafafafafafafafafafafafafafafafafafafafafafafafafafaf)]
   12: [Diagnostic Event] topics:[fn_call, Bytes(0000000000000000000000000000000000000000000000000000000000000004), reveal_reading], data:[CAAAAAAAAAAAAAAAAAAAAAAAAAAAAAAAAAAAAAAAAAAAAAAAAAAAOLZM, Bytes(afafafafafafafafafafafafafafafafafafafafafafafafafafafafafafafaf), {dissolved_oxygen: 80, flow_rate: 500, nonce: 1, ph: 700, salt: Bytes(afafafafafafafafafafafafafafafafafafafafafafafafafafafafafafafaf), temperature: 250, total_nitrogen: 8, total_phosphorus: 1, turbidity: 10}]
   13: [Diagnostic Event] contract:CAAAAAAAAAAAAAAAAAAAAAAAAAAAAAAAAAAAAAAAAAAAAAAAAAAAITA4, topics:[fn_return, reveal_reading], data:Void
   14: [Contract Event] contract:CAAAAAAAAAAAAAAAAAAAAAAAAAAAAAAAAAAAAAAAAAAAAAAAAAAAITA4, topics:[orc_rvl], data:[CAAAAAAAAAAAAAAAAAAAAAAAAAAAAAAAAAAAAAAAAAAAAAAAAAAAMDR4, Bytes(afafafafafafafafafafafafafafafafafafafafafafafafafafafafafafafaf)]
   15: [Diagnostic Event] topics:[fn_call, Bytes(0000000000000000000000000000000000000000000000000000000000000004), reveal_reading], data:[CAAAAAAAAAAAAAAAAAAAAAAAAAAAAAAAAAAAAAAAAAAAAAAAAAAAMDR4, Bytes(afafafafafafafafafafafafafafafafafafafafafafafafafafafafafafafaf), {dissolved_oxygen: 80, flow_rate: 500, nonce: 1, ph: 700, salt: Bytes(afafafafafafafafafafafafafafafafafafafafafafafafafafafafafafafaf), temperature: 250, total_nitrogen: 8, total_phosphorus: 1, turbidity: 10}]
   16: [Diagnostic Event] contract:CAAAAAAAAAAAAAAAAAAAAAAAAAAAAAAAAAAAAAAAAAAAAAAAAAAAITA4, topics:[fn_return, reveal_reading], data:Void
   17: [Contract Event] contract:CAAAAAAAAAAAAAAAAAAAAAAAAAAAAAAAAAAAAAAAAAAAAAAAAAAAITA4, topics:[orc_rvl], data:[CAAAAAAAAAAAAAAAAAAAAAAAAAAAAAAAAAAAAAAAAAAAAAAAAAAAK3IM, Bytes(afafafafafafafafafafafafafafafafafafafafafafafafafafafafafafafaf)]
   18: [Diagnostic Event] topics:[fn_call, Bytes(0000000000000000000000000000000000000000000000000000000000000004), reveal_reading], data:[CAAAAAAAAAAAAAAAAAAAAAAAAAAAAAAAAAAAAAAAAAAAAAAAAAAAK3IM, Bytes(afafafafafafafafafafafafafafafafafafafafafafafafafafafafafafafaf), {dissolved_oxygen: 80, flow_rate: 500, nonce: 1, ph: 700, salt: Bytes(afafafafafafafafafafafafafafafafafafafafafafafafafafafafafafafaf), temperature: 250, total_nitrogen: 8, total_phosphorus: 1, turbidity: 10}]
   19: [Diagnostic Event] contract:CAAAAAAAAAAAAAAAAAAAAAAAAAAAAAAAAAAAAAAAAAAAAAAAAAAAITA4, topics:[fn_return, begin_reveal_phase], data:Void
   20: [Diagnostic Event] topics:[fn_call, Bytes(0000000000000000000000000000000000000000000000000000000000000004), begin_reveal_phase], data:Bytes(afafafafafafafafafafafafafafafafafafafafafafafafafafafafafafafaf)
   21: [Diagnostic Event] contract:CAAAAAAAAAAAAAAAAAAAAAAAAAAAAAAAAAAAAAAAAAAAAAAAAAAAITA4, topics:[fn_return, commit_reading], data:Void
   22: [Contract Event] contract:CAAAAAAAAAAAAAAAAAAAAAAAAAAAAAAAAAAAAAAAAAAAAAAAAAAAITA4, topics:[orc_cmt], data:[CAAAAAAAAAAAAAAAAAAAAAAAAAAAAAAAAAAAAAAAAAAAAAAAAAAAOLZM, Bytes(afafafafafafafafafafafafafafafafafafafafafafafafafafafafafafafaf), Bytes(46e4b6c460589846268f5e2b07e8bdd689e67c6f2e9f0acf78606a6dfa12aadd)]
   23: [Diagnostic Event] topics:[fn_call, Bytes(0000000000000000000000000000000000000000000000000000000000000004), commit_reading], data:[CAAAAAAAAAAAAAAAAAAAAAAAAAAAAAAAAAAAAAAAAAAAAAAAAAAAOLZM, Bytes(afafafafafafafafafafafafafafafafafafafafafafafafafafafafafafafaf), 1, Bytes(46e4b6c460589846268f5e2b07e8bdd689e67c6f2e9f0acf78606a6dfa12aadd)]
   24: [Diagnostic Event] contract:CAAAAAAAAAAAAAAAAAAAAAAAAAAAAAAAAAAAAAAAAAAAAAAAAAAAITA4, topics:[fn_return, commit_reading], data:Void
   25: ... 34 events elided ...

Backtrace (newest first):
   0: soroban_env_host::budget::Budget::with_shadow_mode
             at /home/gift/.cargo/registry/src/index.crates.io-1949cf8c6b5b557f/soroban-env-host-20.3.0/src/budget.rs:762:21
   1: soroban_env_host::host::Host::with_debug_mode
             at /home/gift/.cargo/registry/src/index.crates.io-1949cf8c6b5b557f/soroban-env-host-20.3.0/src/host.rs:541:42
   2: soroban_env_host::host::error::<impl soroban_env_host::host::Host>::maybe_get_debug_info
             at /home/gift/.cargo/registry/src/index.crates.io-1949cf8c6b5b557f/soroban-env-host-20.3.0/src/host/error.rs:287:18
   3: soroban_env_host::host::error::<impl soroban_env_host::host::Host>::error::{{closure}}
             at /home/gift/.cargo/registry/src/index.crates.io-1949cf8c6b5b557f/soroban-env-host-20.3.0/src/host/error.rs:271:28
   4: soroban_env_host::budget::Budget::with_shadow_mode
             at /home/gift/.cargo/registry/src/index.crates.io-1949cf8c6b5b557f/soroban-env-host-20.3.0/src/budget.rs:762:21
   5: soroban_env_host::host::Host::with_debug_mode
             at /home/gift/.cargo/registry/src/index.crates.io-1949cf8c6b5b557f/soroban-env-host-20.3.0/src/host.rs:541:42
   6: soroban_env_host::host::error::<impl soroban_env_host::host::Host>::error
             at /home/gift/.cargo/registry/src/index.crates.io-1949cf8c6b5b557f/soroban-env-host-20.3.0/src/host/error.rs:258:14
   7: <soroban_env_host::host::Host as soroban_env_common::env::EnvBase>::escalate_error_to_panic
             at /home/gift/.cargo/registry/src/index.crates.io-1949cf8c6b5b557f/soroban-env-host-20.3.0/src/host.rs:693:31
   8: soroban_sdk::env::internal::reject_err::{{closure}}
             at /home/gift/.cargo/registry/src/index.crates.io-1949cf8c6b5b557f/soroban-sdk-20.5.0/src/env.rs:52:27
   9: core::result::Result<T,E>::map_err
             at /home/gift/.rustup/toolchains/stable-x86_64-unknown-linux-gnu/lib/rustlib/src/rust/library/core/src/result.rs:968:27
  10: soroban_sdk::env::internal::reject_err
             at /home/gift/.cargo/registry/src/index.crates.io-1949cf8c6b5b557f/soroban-sdk-20.5.0/src/env.rs:52:11
  11: <soroban_sdk::env::Env as soroban_env_common::env::Env>::call
             at /home/gift/.cargo/registry/src/index.crates.io-1949cf8c6b5b557f/soroban-sdk-20.5.0/src/env.rs:1639:13
  12: soroban_sdk::env::Env::invoke_contract
             at /home/gift/.cargo/registry/src/index.crates.io-1949cf8c6b5b557f/soroban-sdk-20.5.0/src/env.rs:366:18
  13: verification_oracle::VerificationOracleClient::reveal_reading
             at src/lib.rs:701:1
  14: verification_oracle::tests::commit_reveal_round_no_open
             at src/lib.rs:2424:27
  15: verification_oracle::tests::commit_reveal_round
             at src/lib.rs:2441:9
  16: verification_oracle::tests::commit_reveal_round_same
             at src/lib.rs:2456:9
  17: verification_oracle::tests::test_finalize_reveals_uses_per_project_baselines
             at src/lib.rs:5379:22
  18: verification_oracle::tests::test_finalize_reveals_uses_per_project_baselines::{{closure}}
             at src/lib.rs:5357:58
  19: core::ops::function::FnOnce::call_once
             at /home/gift/.rustup/toolchains/stable-x86_64-unknown-linux-gnu/lib/rustlib/src/rust/library/core/src/ops/function.rs:250:5


stack backtrace:
   0: __rustc::rust_begin_unwind
             at /rustc/59807616e1fa2540724bfbac14d7976d7e4a3860/library/std/src/panicking.rs:689:5
   1: core::panicking::panic_fmt
             at /rustc/59807616e1fa2540724bfbac14d7976d7e4a3860/library/core/src/panicking.rs:80:14
   2: <soroban_env_host::host::Host as soroban_env_common::env::EnvBase>::escalate_error_to_panic
             at /home/gift/.cargo/registry/src/index.crates.io-1949cf8c6b5b557f/soroban-env-host-20.3.0/src/host.rs:694:9
   3: soroban_sdk::env::internal::reject_err::{{closure}}
             at /home/gift/.cargo/registry/src/index.crates.io-1949cf8c6b5b557f/soroban-sdk-20.5.0/src/env.rs:52:27
   4: core::result::Result<T,E>::map_err
             at /home/gift/.rustup/toolchains/stable-x86_64-unknown-linux-gnu/lib/rustlib/src/rust/library/core/src/result.rs:968:27
   5: soroban_sdk::env::internal::reject_err
             at /home/gift/.cargo/registry/src/index.crates.io-1949cf8c6b5b557f/soroban-sdk-20.5.0/src/env.rs:52:11
   6: <soroban_sdk::env::Env as soroban_env_common::env::Env>::call
             at /home/gift/.cargo/registry/src/index.crates.io-1949cf8c6b5b557f/soroban-sdk-20.5.0/src/env.rs:1639:13
   7: soroban_sdk::env::Env::invoke_contract
             at /home/gift/.cargo/registry/src/index.crates.io-1949cf8c6b5b557f/soroban-sdk-20.5.0/src/env.rs:366:18
   8: verification_oracle::VerificationOracleClient::reveal_reading
             at ./src/lib.rs:701:1
   9: verification_oracle::tests::commit_reveal_round_no_open
             at ./src/lib.rs:2424:27
  10: verification_oracle::tests::commit_reveal_round
             at ./src/lib.rs:2441:9
  11: verification_oracle::tests::commit_reveal_round_same
             at ./src/lib.rs:2456:9
  12: verification_oracle::tests::test_finalize_reveals_uses_per_project_baselines
             at ./src/lib.rs:5379:22
  13: verification_oracle::tests::test_finalize_reveals_uses_per_project_baselines::{{closure}}
             at ./src/lib.rs:5357:58
  14: core::ops::function::FnOnce::call_once
             at /home/gift/.rustup/toolchains/stable-x86_64-unknown-linux-gnu/lib/rustlib/src/rust/library/core/src/ops/function.rs:250:5
  15: <fn() -> core::result::Result<(), alloc::string::String> as core::ops::function::FnOnce<()>>::call_once
             at /rustc/59807616e1fa2540724bfbac14d7976d7e4a3860/library/core/src/ops/function.rs:250:5
note: Some details are omitted, run with `RUST_BACKTRACE=full` for a verbose backtrace.
Writing test snapshot file for test "tests::test_finalize_reveals_uses_per_project_baselines" to "test_snapshots/tests/test_finalize_reveals_uses_per_project_baselines.1.json".


failures:
    tests::test_finalize_reveals_uses_per_project_baselines

test result: FAILED. 0 passed; 1 failed; 0 ignored; 0 measured; 122 filtered out; finished in 3.26s

error: test failed, to rerun pass `-p verification_oracle --lib`
